14:28:19Z sequence 75,76,77p,78p,79p on thisisanameforsure/open_proof_network_graph
14:28:20Z #75 start: 'annex: erdos-69' merge state CLEAN checks {'gate (steps 1, 2 and 4-8 in the sandbox)': 'SUCCESS', 'postmerge (step 9 record, gate signature, attestation commit)': 'SKIPPED', 'step 9 (a non-author approving review)': 'SKIPPED'}
14:28:21Z #75 check 'gate (steps ' = SUCCESS (merge state CLEAN)
14:28:25Z #75 merged
14:31:37Z bot commit for #75: f9f09f4 gate: #75 pass
14:31:38Z #76 start: 'annex: erdos-1050' merge state UNKNOWN checks {'gate (steps 1, 2 and 4-8 in the sandbox)': 'SUCCESS', 'postmerge (step 9 record, gate signature, attestation commit)': 'SKIPPED', 'step 9 (a non-author approving review)': 'SKIPPED'}
14:31:39Z #76 check 'gate (steps ' = SUCCESS (merge state BEHIND)
14:34:18Z sequence 76,77p,78p,79p on thisisanameforsure/open_proof_network_graph
14:34:19Z #76 start: 'annex: erdos-1050' merge state BEHIND checks {'gate (steps 1, 2 and 4-8 in the sandbox)': 'SUCCESS', 'postmerge (step 9 record, gate signature, attestation commit)': 'SKIPPED', 'step 9 (a non-author approving review)': 'SKIPPED'}
14:34:21Z #76 branch updated; waiting for the gate to re-run
14:35:09Z #76 check 'gate (steps ' = SUCCESS (merge state CLEAN)
14:35:13Z #76 merged
14:37:51Z bot commit for #76: b5bf999 gate: #76 pass
14:37:52Z #77 start: 'partial: erdos-69' merge state UNKNOWN checks {'gate (steps 1, 2 and 4-8 in the sandbox)': 'SUCCESS', 'postmerge (step 9 record, gate signature, attestation commit)': 'SKIPPED', 'step 9 (a non-author approving review)': 'FAILURE'}
14:37:54Z #77 branch updated; waiting for the gate to re-run
14:38:41Z #77 check 'gate (steps ' = IN_PROGRESS (merge state BLOCKED)
14:41:16Z #77 check 'gate (steps ' = SUCCESS (merge state BLOCKED)
14:41:18Z #77 approved (step 9); waiting for the step 9 check
14:42:01Z #77 check 'step 9 (a no' = SUCCESS (merge state CLEAN)
14:42:05Z #77 merged
14:45:46Z bot commit for #77: 374b400 gate: #77 pass
14:45:47Z #78 start: 'partial: erdos-1050' merge state UNKNOWN checks {'gate (steps 1, 2 and 4-8 in the sandbox)': 'SUCCESS', 'postmerge (step 9 record, gate signature, attestation commit)': 'SKIPPED', 'step 9 (a non-author approving review)': 'FAILURE'}
14:45:49Z #78 branch updated; waiting for the gate to re-run
14:46:36Z #78 check 'gate (steps ' = IN_PROGRESS (merge state BLOCKED)
14:49:11Z #78 check 'gate (steps ' = SUCCESS (merge state BLOCKED)
14:49:14Z #78 approved (step 9); waiting for the step 9 check
14:49:56Z #78 check 'step 9 (a no' = SUCCESS (merge state CLEAN)
14:50:01Z #78 merged
14:54:14Z bot commit for #78: 28f41f4 gate: #78 pass
14:54:15Z #79 start: 'partial: erdos-402' merge state UNKNOWN checks {'gate (steps 1, 2 and 4-8 in the sandbox)': 'SUCCESS', 'postmerge (step 9 record, gate signature, attestation commit)': 'SKIPPED', 'step 9 (a non-author approving review)': 'FAILURE'}
14:54:17Z #79 branch updated; waiting for the gate to re-run
14:55:03Z #79 check 'gate (steps ' = IN_PROGRESS (merge state BLOCKED)
14:57:39Z #79 check 'gate (steps ' = SUCCESS (merge state BLOCKED)
14:57:41Z #79 approved (step 9); waiting for the step 9 check
14:58:23Z #79 check 'step 9 (a no' = SUCCESS (merge state CLEAN)
14:58:27Z #79 merged
15:03:11Z bot commit for #79: 6d19279 gate: #79 pass
15:03:12Z sequence complete
15:03:50Z sequence 80,81,82 on thisisanameforsure/open_proof_network_graph
15:03:51Z #80 start: 'annex: erdos-402' merge state BEHIND checks {'gate (steps 1, 2 and 4-8 in the sandbox)': 'SUCCESS', 'postmerge (step 9 record, gate signature, attestation commit)': 'SKIPPED', 'step 9 (a non-author approving review)': 'SKIPPED'}
15:03:53Z #80 branch updated; waiting for the gate to re-run
15:04:41Z #80 check 'gate (steps ' = SUCCESS (merge state CLEAN)
15:04:46Z #80 merged
15:07:25Z bot commit for #80: a9e1cd7 gate: #80 pass
15:07:26Z #81 start: 'proposal: erdos-69--h1' merge state UNKNOWN checks {'gate (steps 1, 2 and 4-8 in the sandbox)': 'SUCCESS', 'postmerge (step 9 record, gate signature, attestation commit)': 'SKIPPED', 'step 9 (a non-author approving review)': 'SKIPPED'}
15:07:28Z #81 branch updated; waiting for the gate to re-run
15:08:15Z #81 check 'gate (steps ' = IN_PROGRESS (merge state BLOCKED)
15:10:19Z #81 check 'gate (steps ' = SUCCESS (merge state CLEAN)
15:10:24Z #81 merged
15:13:34Z bot commit for #81: 61059cb gate: #81 pass
15:13:35Z #82 start: 'proposal: erdos-69--h2' merge state UNKNOWN checks {'gate (steps 1, 2 and 4-8 in the sandbox)': 'FAILURE', 'postmerge (step 9 record, gate signature, attestation commit)': 'SKIPPED', 'step 9 (a non-author approving review)': 'SKIPPED'}
15:13:48Z #82 branch updated; waiting for the gate to re-run
15:14:35Z #82 check 'gate (steps ' = IN_PROGRESS (merge state BLOCKED)
15:19:16Z #82 check 'gate (steps ' = FAILURE (merge state BLOCKED)
15:19:16Z #82 gate check ended FAILURE; stopping the sequence
15:19:16Z stopped at #82
15:20:47Z sequence 83 on thisisanameforsure/open_proof_network_graph
15:20:47Z #83 start: 'proposal: erdos-402--h1' merge state UNKNOWN checks {'gate (steps 1, 2 and 4-8 in the sandbox)': 'SUCCESS', 'postmerge (step 9 record, gate signature, attestation commit)': 'SKIPPED', 'step 9 (a non-author approving review)': 'SKIPPED'}
15:20:50Z #83 branch updated; waiting for the gate to re-run
15:21:36Z #83 check 'gate (steps ' = IN_PROGRESS (merge state BLOCKED)
15:23:40Z #83 check 'gate (steps ' = SUCCESS (merge state CLEAN)
15:23:44Z #83 merged
15:26:21Z bot commit for #83: 871d638 gate: #83 pass
15:26:21Z sequence complete
15:30:40Z sequence 84p,85,86 on thisisanameforsure/open_proof_network_graph
15:30:41Z #84 start: 'proof: erdos-402--h1' merge state BLOCKED checks {'gate (steps 1, 2 and 4-8 in the sandbox)': 'IN_PROGRESS', 'postmerge (step 9 record, gate signature, attestation commit)': 'SKIPPED'}
15:30:42Z #84 check 'gate (steps ' = IN_PROGRESS (merge state BLOCKED)
15:33:17Z #84 check 'gate (steps ' = SUCCESS (merge state BLOCKED)
15:33:19Z #84 approved (step 9); waiting for the step 9 check
15:33:30Z #84 check 'step 9 (a no' = QUEUED (merge state BLOCKED)
15:34:01Z #84 check 'step 9 (a no' = SUCCESS (merge state CLEAN)
15:34:07Z #84 merged
15:37:17Z bot commit for #84: 86ffcfb gate: #84 pass
15:37:18Z #85 start: 'defect claim: erdos-69--h1' merge state UNKNOWN checks {'gate (steps 1, 2 and 4-8 in the sandbox)': 'FAILURE', 'postmerge (step 9 record, gate signature, attestation commit)': 'SKIPPED', 'step 9 (a non-author approving review)': 'SKIPPED'}
15:37:20Z #85 branch updated; waiting for the gate to re-run
15:38:07Z #85 check 'gate (steps ' = IN_PROGRESS (merge state BLOCKED)
15:40:42Z #85 check 'gate (steps ' = FAILURE (merge state BLOCKED)
15:40:42Z #85 gate check ended FAILURE; stopping the sequence
15:40:42Z stopped at #85
15:44:21Z sequence 87,88 on thisisanameforsure/open_proof_network_graph
15:44:22Z #87 start: 'defect claim: erdos-69--h1' merge state BLOCKED checks {'gate (steps 1, 2 and 4-8 in the sandbox)': 'IN_PROGRESS', 'postmerge (step 9 record, gate signature, attestation commit)': 'SKIPPED'}
15:44:23Z #87 check 'gate (steps ' = IN_PROGRESS (merge state BLOCKED)
15:46:27Z #87 check 'gate (steps ' = SUCCESS (merge state CLEAN)
15:46:31Z #87 merged
15:49:42Z bot commit for #87: ebfa890 gate: #87 pass
15:49:43Z #88 start: 'defect claim: erdos-69--h2' merge state UNKNOWN checks {'gate (steps 1, 2 and 4-8 in the sandbox)': 'SUCCESS', 'postmerge (step 9 record, gate signature, attestation commit)': 'SKIPPED', 'step 9 (a non-author approving review)': 'SKIPPED'}
15:49:45Z #88 branch updated; waiting for the gate to re-run
15:50:32Z #88 check 'gate (steps ' = IN_PROGRESS (merge state BLOCKED)
15:52:35Z #88 check 'gate (steps ' = SUCCESS (merge state CLEAN)
15:52:39Z #88 merged
15:55:49Z bot commit for #88: 519c2a4 gate: #88 pass
15:55:49Z sequence complete
17:12:56Z sequence 89,90,91,92 on thisisanameforsure/open_proof_network_graph
17:12:57Z #89 start: 'revision request: erdos-69--h1' merge state CLEAN checks {'gate (steps 1, 2 and 4-8 in the sandbox)': 'SUCCESS', 'postmerge (step 9 record, gate signature, attestation commit)': 'SKIPPED', 'step 9 (a non-author approving review)': 'SKIPPED'}
17:12:59Z #89 check 'gate (steps ' = SUCCESS (merge state CLEAN)
17:13:04Z #89 merged
17:16:13Z bot commit for #89: 5ed4fb4 gate: #89 pass
17:16:14Z #90 start: 'revision request: erdos-69--h2' merge state UNKNOWN checks {'gate (steps 1, 2 and 4-8 in the sandbox)': 'SUCCESS', 'postmerge (step 9 record, gate signature, attestation commit)': 'SKIPPED', 'step 9 (a non-author approving review)': 'SKIPPED'}
17:16:16Z #90 branch updated; waiting for the gate to re-run
17:17:03Z #90 check 'gate (steps ' = SUCCESS (merge state CLEAN)
17:17:07Z #90 merged
17:20:16Z bot commit for #90: 7552ba8 gate: #90 pass
17:20:17Z #91 start: 'revision request: erdos-402--h2' merge state UNKNOWN checks {'gate (steps 1, 2 and 4-8 in the sandbox)': 'SUCCESS', 'postmerge (step 9 record, gate signature, attestation commit)': 'SKIPPED', 'step 9 (a non-author approving review)': 'SKIPPED'}
17:20:19Z #91 branch updated; waiting for the gate to re-run
17:21:06Z #91 check 'gate (steps ' = SUCCESS (merge state CLEAN)
17:21:10Z #91 merged
17:24:52Z bot commit for #91: bd6f90e gate: #91 pass
17:24:53Z #92 start: 'revision request: erdos-402--h3' merge state UNKNOWN checks {'gate (steps 1, 2 and 4-8 in the sandbox)': 'SUCCESS', 'postmerge (step 9 record, gate signature, attestation commit)': 'SKIPPED', 'step 9 (a non-author approving review)': 'SKIPPED'}
17:24:55Z #92 branch updated; waiting for the gate to re-run
17:25:42Z #92 check 'gate (steps ' = SUCCESS (merge state CLEAN)
17:25:46Z #92 merged
17:28:56Z bot commit for #92: b5d1318 gate: #92 pass
17:28:56Z sequence complete
17:29:01Z sequence 93 on thisisanameforsure/open_proof_network_graph
17:29:02Z #93 start: 'revision request: erdos-412--h1' merge state UNKNOWN checks {'gate (steps 1, 2 and 4-8 in the sandbox)': 'SUCCESS', 'postmerge (step 9 record, gate signature, attestation commit)': 'SKIPPED', 'step 9 (a non-author approving review)': 'SKIPPED'}
17:29:04Z #93 branch updated; waiting for the gate to re-run
17:29:51Z #93 check 'gate (steps ' = SUCCESS (merge state CLEAN)
17:29:55Z #93 merged
17:32:33Z bot commit for #93: c2639d6 gate: #93 pass
17:32:33Z sequence complete
17:38:48Z sequence 94,95,96,97,98 on thisisanameforsure/open_proof_network_graph
17:38:49Z #94 start: 'revise: erdos-69--h1 -> erdos-69--h1-v2 (wrong-domain, D-8)' merge state BEHIND checks {'gate (steps 1, 2 and 4-8 in the sandbox)': 'SUCCESS', 'postmerge (step 9 record, gate signature, attestation commit)': 'SKIPPED', 'step 9 (a non-author approving review)': 'SKIPPED'}
17:38:51Z #94 branch updated; waiting for the gate to re-run
17:39:38Z #94 check 'gate (steps ' = IN_PROGRESS (merge state BLOCKED)
17:41:42Z #94 check 'gate (steps ' = SUCCESS (merge state CLEAN)
17:41:47Z #94 merged
17:44:57Z bot commit for #94: d5d725b gate: #94 pass
17:44:58Z #95 start: 'revise: erdos-69--h2 -> erdos-69--h2-v2 (D-8)' merge state UNKNOWN checks {'gate (steps 1, 2 and 4-8 in the sandbox)': 'FAILURE', 'postmerge (step 9 record, gate signature, attestation commit)': 'SKIPPED', 'step 9 (a non-author approving review)': 'SKIPPED'}
17:45:00Z #95 branch updated; waiting for the gate to re-run
17:45:47Z #95 check 'gate (steps ' = IN_PROGRESS (merge state BLOCKED)
17:48:22Z #95 check 'gate (steps ' = FAILURE (merge state BLOCKED)
17:48:22Z #95 gate check ended FAILURE; stopping the sequence
17:48:22Z stopped at #95
17:52:06Z sequence 95,96 on thisisanameforsure/open_proof_network_graph
17:52:07Z #95 start: 'revise: erdos-69--h2 -> erdos-69--h2-v2 (D-8)' merge state BLOCKED checks {'gate (steps 1, 2 and 4-8 in the sandbox)': 'IN_PROGRESS', 'postmerge (step 9 record, gate signature, attestation commit)': 'SKIPPED'}
17:52:08Z #95 check 'gate (steps ' = IN_PROGRESS (merge state BLOCKED)
17:55:14Z #95 check 'gate (steps ' = SUCCESS (merge state CLEAN)
17:55:18Z #95 merged
17:58:27Z bot commit for #95: 8046f87 gate: #95 pass
17:58:28Z #96 start: 'revise: erdos-402--h2 -> erdos-402--h2-v2 (D-8)' merge state UNKNOWN checks {'gate (steps 1, 2 and 4-8 in the sandbox)': 'SUCCESS', 'postmerge (step 9 record, gate signature, attestation commit)': 'SKIPPED', 'step 9 (a non-author approving review)': 'SKIPPED'}
17:58:30Z #96 branch updated; waiting for the gate to re-run
17:59:17Z #96 check 'gate (steps ' = IN_PROGRESS (merge state BLOCKED)
18:01:52Z #96 check 'gate (steps ' = SUCCESS (merge state CLEAN)
18:01:55Z #96 merged
18:05:36Z bot commit for #96: b718394 gate: #96 pass
18:05:36Z sequence complete
18:05:37Z sequence 99p on thisisanameforsure/open_proof_network_graph
18:05:37Z #99 start: 'proof: erdos-69--h1-v2' merge state UNKNOWN checks {'gate (steps 1, 2 and 4-8 in the sandbox)': 'SUCCESS', 'postmerge (step 9 record, gate signature, attestation commit)': 'SKIPPED', 'step 9 (a non-author approving review)': 'FAILURE'}
18:05:40Z #99 branch updated; waiting for the gate to re-run
18:06:26Z #99 check 'gate (steps ' = IN_PROGRESS (merge state BLOCKED)
18:09:01Z #99 check 'gate (steps ' = SUCCESS (merge state BLOCKED)
18:09:03Z #99 approved (step 9); waiting for the step 9 check
18:09:46Z #99 check 'step 9 (a no' = SUCCESS (merge state CLEAN)
18:09:51Z #99 merged
18:14:03Z bot commit for #99: a3cf5c9 gate: #99 pass
18:14:03Z sequence complete
18:14:16Z sequence 100p on thisisanameforsure/open_proof_network_graph
18:14:16Z #100 start: 'partial: erdos-69--h2-v2' merge state UNKNOWN checks {'gate (steps 1, 2 and 4-8 in the sandbox)': 'SUCCESS', 'postmerge (step 9 record, gate signature, attestation commit)': 'SKIPPED', 'step 9 (a non-author approving review)': 'FAILURE'}
18:14:18Z #100 branch updated; waiting for the gate to re-run
18:15:05Z #100 check 'gate (steps ' = IN_PROGRESS (merge state BLOCKED)
18:17:40Z #100 check 'gate (steps ' = SUCCESS (merge state BLOCKED)
18:17:42Z #100 approved (step 9); waiting for the step 9 check
18:17:53Z #100 check 'step 9 (a no' = QUEUED (merge state BLOCKED)
18:18:24Z #100 check 'step 9 (a no' = SUCCESS (merge state CLEAN)
18:18:28Z #100 merged
18:22:10Z bot commit for #100: 2704ffc gate: #100 pass
18:22:10Z sequence complete
18:25:49Z sequence 101 on thisisanameforsure/open_proof_network_graph
18:25:50Z #101 start: 'revision request: erdos-69--h2-v2--h1' merge state BLOCKED checks {'gate (steps 1, 2 and 4-8 in the sandbox)': 'IN_PROGRESS', 'postmerge (step 9 record, gate signature, attestation commit)': 'SKIPPED'}
18:25:51Z #101 check 'gate (steps ' = IN_PROGRESS (merge state BLOCKED)
18:26:22Z #101 check 'gate (steps ' = SUCCESS (merge state CLEAN)
18:26:26Z #101 merged
18:29:35Z bot commit for #101: 4b2c019 gate: #101 pass
18:29:35Z sequence complete
